a
b
3
3
1
ab
3.500000
1
11
2
7
function
true
true
s
10987654321
property
return function 2
return method 1
this property: property
return function 3
log from second file
return value from second file
12
Something not important.
1
false
["prototype"]
[1, "a", false]
1
3
0
56721
2
zz
122
122
mobile
