x
a is good
b is not good
constructor
12
_g
_g
_g
destructor_g
a
0 1
2 1
4 1
5
hello
1
hello
2
hello
7
