Exception
constructor
destructor
12
destructor
5
start
1
2
3
4
5
a
b
c
d
e
200
400
two
