bc
function78
1000
f
a
7
4.300000
false
{

}
Roses are red, Violets are blue. | Roses are blue.
7
Printer constructor
Printer
Printer destructor
Printer constructor
constructor
Printer
12
_g
_g
_g
destructor_g
error
send
true
Printer constructor
works
ok
