1
2
3
4
5
a
b
c
d
e
11
22
33
44
55
aa
bb
cc
dd
ee
11
22
33
44
55
aa
bb
cc
dd
ee
1
2
3
4

11
12
13
14

123
123

abcd
456
123
